Grammar

    0 $accept: foo $end

    1 foo: '0'


Terminals, with rules where they appear

    $end (0) 0
    '0' (48) 1
    error (256)


Nonterminals, with rules where they appear

    $accept (4)
        on left: 0
    foo (5)
        on left: 1
        on right: 0


State 0

    0 $accept: . foo $end

    '0'  shift, and go to state 1

    foo  go to state 2


State 1

    1 foo: '0' .

    $default  reduce using rule 1 (foo)


State 2

    0 $accept: foo . $end

    $end  shift, and go to state 3


State 3

    0 $accept: foo $end .

    $default  accept
