Nonterminals useless in grammar

    underivable
    indirection


Rules useless in grammar

    2 exp: underivable

    3 underivable: indirection

    4 indirection: underivable


Grammar

    0 $accept: exp $end

    1 exp: useful


Terminals, with rules where they appear

    $end (0) 0
    error (256)
    useful (258) 1


Nonterminals, with rules where they appear

    $accept (4)
        on left: 0
    exp (5)
        on left: 1
        on right: 0


State 0

    0 $accept: . exp $end

    useful  shift, and go to state 1

    exp  go to state 2


State 1

    1 exp: useful .

    $default  reduce using rule 1 (exp)


State 2

    0 $accept: exp . $end

    $end  shift, and go to state 3


State 3

    0 $accept: exp $end .

    $default  accept
