Nonterminals useless in grammar

    not_reachable
    non_productive


Terminals unused in grammar

    useless_token


Rules useless in grammar

    2 exp: non_productive

    3 not_reachable: useful

    4 non_productive: non_productive useless_token


Grammar

    0 $accept: exp $end

    1 exp: useful


Terminals, with rules where they appear

    $end (0) 0
    error (256)
    useless_token (258)
    useful (259) 1


Nonterminals, with rules where they appear

    $accept (5)
        on left: 0
    exp (6)
        on left: 1
        on right: 0


State 0

    0 $accept: . exp $end

    useful  shift, and go to state 1

    exp  go to state 2


State 1

    1 exp: useful .

    $default  reduce using rule 1 (exp)


State 2

    0 $accept: exp . $end

    $end  shift, and go to state 3


State 3

    0 $accept: exp $end .

    $default  accept
